exports[`Button-11 1`] = `
<div
  style={
    Object {
      "display": "flex",
      "flexDirection": "column",
    }
  }>
  <button
    className="AbstractButton-yv1oh8-0 jZWmzk"
    style={
      Object {
        "marginBottom": "8px",
      }
    }
    type="button">
    Primary
  </button>
  <button
    className="AbstractButton-yv1oh8-0 jZWmzk"
    style={
      Object {
        "marginBottom": "8px",
      }
    }
    type="button">
    Secondary
  </button>
  <button
    className="AbstractButton-yv1oh8-0 jZWmzk"
    style={
      Object {
        "marginBottom": "8px",
      }
    }
    type="button">
    Success
  </button>
  <button
    className="AbstractButton-yv1oh8-0 jZWmzk"
    style={
      Object {
        "marginBottom": "8px",
      }
    }
    type="button">
    Info
  </button>
  <button
    className="AbstractButton-yv1oh8-0 jZWmzk"
    style={
      Object {
        "marginBottom": "8px",
      }
    }
    type="button">
    Warning
  </button>
  <button
    className="AbstractButton-yv1oh8-0 jZWmzk"
    style={
      Object {
        "marginBottom": "8px",
      }
    }
    type="button">
    Danger
  </button>
  <button
    className="Button__LinkButton-s11d147o-0 fzEaRD AbstractButton-yv1oh8-0 jZWmzk"
    type="button">
    Link
  </button>
</div>
`;
