exports[`Button-3 1`] = `
<button
  className="AbstractButton-yv1oh8-0 jZWmzk"
  type="button">
  Click Me
</button>
`;
