exports[`Button-1 1`] = `
<a
  className="AbstractButton-yv1oh8-0 jZWmzk"
  href="#">
  This is a link
</a>
`;
