exports[`Button-0 1`] = `
<form>
  <button
    className="AbstractButton-yv1oh8-0 jZWmzk"
    type="submit">
    Submit this form
  </button>
</form>
`;
