exports[`Container-1 1`] = `
<div
  className="Container__StyledContainer-vvjrld-1 PrCMP Container__FluidStyledContainer-vvjrld-0 jWfmoD">
  Example
</div>
`;
