exports[`Jumbotron-0 1`] = `
<div
  className="bsuwYl">
  Example
</div>
`;
