exports[`Jumbotron-3 1`] = `
<div
  className="Jumbotron__StyledJumbotron-s1h578xs-0 LuafL"
  style={
    Object {
      "fontSize": "4em",
    }
  }>
  Example
</div>
`;
