exports[`NumberInput-1 1`] = `
<form>
  <label
    className="TextInput__TextLabel-ojbxtw-0 jOXkMF">
    <span
      className="TextInput__TextLabelName-ojbxtw-1 hoETtL">
      Date Time
    </span>
    <div
      className="TextInput__TextInputContainer-ojbxtw-2 cvaDda">
      <input
        className="TextInput__TextInputStyled-ojbxtw-3 jpyTVt"
        name="myNumber"
        type="tel"
        value="42" />
    </div>
    <p
      className="TextInput__ValidationMessage-ojbxtw-4 bxkZgB"
      style={
        Object {
          "opacity": 0,
        }
      }>
      Â 
    </p>
  </label>
  <pre>
    <code>
      {
        \"myNumber\": 42
      }
    </code>
  </pre>
</form>
`;
